
> @agent-native/docs@ prebuild C:\Users\james\orgs\oss\jami-studio\packages\docs
> vitest run app/components/docBlocks.validate.test.tsx


 RUN  v4.1.9 C:/Users/james/orgs/oss/jami-studio/packages/docs

 Γ¥» app/components/docBlocks.validate.test.tsx (12 tests | 1 failed) 159857ms
stderr | app/components/docBlocks.validate.test.tsx > docs visual blocks > every embedded block renders through the SSR path
react-i18next:: useTranslation: You will need to pass in an i18next instance by using initReactI18next { code: 'NO_I18NEXT_INSTANCE' }

     ├ù every embedded block renders through the SSR path 113522ms

ΓÄ»ΓÄ»ΓÄ»ΓÄ»ΓÄ»ΓÄ»ΓÄ» Failed Tests 1 ΓÄ»ΓÄ»ΓÄ»ΓÄ»ΓÄ»ΓÄ»ΓÄ»

 FAIL  app/components/docBlocks.validate.test.tsx > docs visual blocks > every embedded block renders through the SSR path
Error: Test timed out in 90000ms.
If this is a long-running test, pass a timeout value as the last argument or configure it globally with "testTimeout".
 Γ¥» app/components/docBlocks.validate.test.tsx:231:3

 Test Files  1 failed (1)
      Tests  1 failed | 11 passed (12)
   Start at  03:11:03
   Duration  712.87s (transform 164.66s, setup 0ms, import 543.94s, tests 159.86s, environment 0ms)

    229|   }, 30_000);
    230|
    231|   it("every embedded block renders through the SSR path", () => {
       |   ^
    232|     const failures: string[] = [];
    233|     for (const doc of allDocs) {

ΓÄ»ΓÄ»ΓÄ»ΓÄ»ΓÄ»ΓÄ»ΓÄ»ΓÄ»ΓÄ»ΓÄ»ΓÄ»ΓÄ»ΓÄ»ΓÄ»ΓÄ»ΓÄ»ΓÄ»ΓÄ»ΓÄ»ΓÄ»ΓÄ»ΓÄ»ΓÄ»ΓÄ»[1/1]ΓÄ»

C:\Users\james\orgs\oss\jami-studio\packages\docs:
ΓÇëERR_PNPM_RECURSIVE_RUN_FIRST_FAILΓÇë @agent-native/docs@ prebuild: `vitest run app/components/docBlocks.validate.test.tsx`
Exit status 1
